Archive member included to satisfy reference by file (symbol)

C:/ST/STM32CubeIDE_1.19.0/STM32CubeIDE/plugins/com.st.stm32cube.ide.mcu.externaltools.gnu-tools-for-stm32.13.3.rel1.win32_1.0.0.202411081344/tools/bin/../lib/gcc/arm-none-eabi/13.3.1/../../../../arm-none-eabi/lib/thumb/v7e-m+fp/hard\libc_nano.a(libc_a-exit.o)
                              C:/ST/STM32CubeIDE_1.19.0/STM32CubeIDE/plugins/com.st.stm32cube.ide.mcu.externaltools.gnu-tools-for-stm32.13.3.rel1.win32_1.0.0.202411081344/tools/bin/../lib/gcc/arm-none-eabi/13.3.1/../../../../arm-none-eabi/lib/thumb/v7e-m+fp/hard/crt0.o (exit)
C:/ST/STM32CubeIDE_1.19.0/STM32CubeIDE/plugins/com.st.stm32cube.ide.mcu.externaltools.gnu-tools-for-stm32.13.3.rel1.win32_1.0.0.202411081344/tools/bin/../lib/gcc/arm-none-eabi/13.3.1/../../../../arm-none-eabi/lib/thumb/v7e-m+fp/hard\libc_nano.a(libc_a-findfp.o)
                              C:/ST/STM32CubeIDE_1.19.0/STM32CubeIDE/plugins/com.st.stm32cube.ide.mcu.externaltools.gnu-tools-for-stm32.13.3.rel1.win32_1.0.0.202411081344/tools/bin/../lib/gcc/arm-none-eabi/13.3.1/../../../../arm-none-eabi/lib/thumb/v7e-m+fp/hard\libc_nano.a(libc_a-exit.o) (__stdio_exit_handler)
C:/ST/STM32CubeIDE_1.19.0/STM32CubeIDE/plugins/com.st.stm32cube.ide.mcu.externaltools.gnu-tools-for-stm32.13.3.rel1.win32_1.0.0.202411081344/tools/bin/../lib/gcc/arm-none-eabi/13.3.1/../../../../arm-none-eabi/lib/thumb/v7e-m+fp/hard\libc_nano.a(libc_a-fwalk.o)
                              C:/ST/STM32CubeIDE_1.19.0/STM32CubeIDE/plugins/com.st.stm32cube.ide.mcu.externaltools.gnu-tools-for-stm32.13.3.rel1.win32_1.0.0.202411081344/tools/bin/../lib/gcc/arm-none-eabi/13.3.1/../../../../arm-none-eabi/lib/thumb/v7e-m+fp/hard\libc_nano.a(libc_a-findfp.o) (_fwalk_sglue)
C:/ST/STM32CubeIDE_1.19.0/STM32CubeIDE/plugins/com.st.stm32cube.ide.mcu.externaltools.gnu-tools-for-stm32.13.3.rel1.win32_1.0.0.202411081344/tools/bin/../lib/gcc/arm-none-eabi/13.3.1/../../../../arm-none-eabi/lib/thumb/v7e-m+fp/hard\libc_nano.a(libc_a-stdio.o)
                              C:/ST/STM32CubeIDE_1.19.0/STM32CubeIDE/plugins/com.st.stm32cube.ide.mcu.externaltools.gnu-tools-for-stm32.13.3.rel1.win32_1.0.0.202411081344/tools/bin/../lib/gcc/arm-none-eabi/13.3.1/../../../../arm-none-eabi/lib/thumb/v7e-m+fp/hard\libc_nano.a(libc_a-findfp.o) (__sread)
C:/ST/STM32CubeIDE_1.19.0/STM32CubeIDE/plugins/com.st.stm32cube.ide.mcu.externaltools.gnu-tools-for-stm32.13.3.rel1.win32_1.0.0.202411081344/tools/bin/../lib/gcc/arm-none-eabi/13.3.1/../../../../arm-none-eabi/lib/thumb/v7e-m+fp/hard\libc_nano.a(libc_a-memset.o)
                              C:/ST/STM32CubeIDE_1.19.0/STM32CubeIDE/plugins/com.st.stm32cube.ide.mcu.externaltools.gnu-tools-for-stm32.13.3.rel1.win32_1.0.0.202411081344/tools/bin/../lib/gcc/arm-none-eabi/13.3.1/../../../../arm-none-eabi/lib/thumb/v7e-m+fp/hard/crt0.o (memset)
C:/ST/STM32CubeIDE_1.19.0/STM32CubeIDE/plugins/com.st.stm32cube.ide.mcu.externaltools.gnu-tools-for-stm32.13.3.rel1.win32_1.0.0.202411081344/tools/bin/../lib/gcc/arm-none-eabi/13.3.1/../../../../arm-none-eabi/lib/thumb/v7e-m+fp/hard\libc_nano.a(libc_a-closer.o)
                              C:/ST/STM32CubeIDE_1.19.0/STM32CubeIDE/plugins/com.st.stm32cube.ide.mcu.externaltools.gnu-tools-for-stm32.13.3.rel1.win32_1.0.0.202411081344/tools/bin/../lib/gcc/arm-none-eabi/13.3.1/../../../../arm-none-eabi/lib/thumb/v7e-m+fp/hard\libc_nano.a(libc_a-stdio.o) (_close_r)
C:/ST/STM32CubeIDE_1.19.0/STM32CubeIDE/plugins/com.st.stm32cube.ide.mcu.externaltools.gnu-tools-for-stm32.13.3.rel1.win32_1.0.0.202411081344/tools/bin/../lib/gcc/arm-none-eabi/13.3.1/../../../../arm-none-eabi/lib/thumb/v7e-m+fp/hard\libc_nano.a(libc_a-reent.o)
                              C:/ST/STM32CubeIDE_1.19.0/STM32CubeIDE/plugins/com.st.stm32cube.ide.mcu.externaltools.gnu-tools-for-stm32.13.3.rel1.win32_1.0.0.202411081344/tools/bin/../lib/gcc/arm-none-eabi/13.3.1/../../../../arm-none-eabi/lib/thumb/v7e-m+fp/hard\libc_nano.a(libc_a-closer.o) (errno)
C:/ST/STM32CubeIDE_1.19.0/STM32CubeIDE/plugins/com.st.stm32cube.ide.mcu.externaltools.gnu-tools-for-stm32.13.3.rel1.win32_1.0.0.202411081344/tools/bin/../lib/gcc/arm-none-eabi/13.3.1/../../../../arm-none-eabi/lib/thumb/v7e-m+fp/hard\libc_nano.a(libc_a-impure.o)
                              C:/ST/STM32CubeIDE_1.19.0/STM32CubeIDE/plugins/com.st.stm32cube.ide.mcu.externaltools.gnu-tools-for-stm32.13.3.rel1.win32_1.0.0.202411081344/tools/bin/../lib/gcc/arm-none-eabi/13.3.1/../../../../arm-none-eabi/lib/thumb/v7e-m+fp/hard\libc_nano.a(libc_a-reent.o) (_impure_ptr)
C:/ST/STM32CubeIDE_1.19.0/STM32CubeIDE/plugins/com.st.stm32cube.ide.mcu.externaltools.gnu-tools-for-stm32.13.3.rel1.win32_1.0.0.202411081344/tools/bin/../lib/gcc/arm-none-eabi/13.3.1/../../../../arm-none-eabi/lib/thumb/v7e-m+fp/hard\libc_nano.a(libc_a-lseekr.o)
[...]
Memory Configuration

Name             Origin             Length             Attributes
CCMRAM           0x10000000         0x00004000         xrw
RAM              0x20000000         0x00010000         xrw
FLASH            0x08000000         0x00080000         xr
*default*        0x00000000         0xffffffff

Linker script and memory map

LOAD C:/ST/STM32CubeIDE_1.19.0/STM32CubeIDE/plugins/com.st.stm32cube.ide.mcu.externaltools.gnu-tools-for-stm32.13.3.rel1.win32_1.0.0.202411081344/tools/bin/../lib/gcc/arm-none-eabi/13.3.1/thumb/v7e-m+fp/hard/crti.o
LOAD C:/ST/STM32CubeIDE_1.19.0/STM32CubeIDE/plugins/com.st.stm32cube.ide.mcu.externaltools.gnu-tools-for-stm32.13.3.rel1.win32_1.0.0.202411081344/tools/bin/../lib/gcc/arm-none-eabi/13.3.1/thumb/v7e-m+fp/hard/crtbegin.o
LOAD C:/ST/STM32CubeIDE_1.19.0/STM32CubeIDE/plugins/com.st.stm32cube.ide.mcu.externaltools.gnu-tools-for-stm32.13.3.rel1.win32_1.0.0.202411081344/tools/bin/../lib/gcc/arm-none-eabi/13.3.1/../../../../arm-none-eabi/lib/thumb/v7e-m+fp/hard/crt0.o
LOAD ./Core/Src/main.o
LOAD ./Core/Src/stm32f3xx_hal_msp.o
LOAD ./Core/Src/stm32f3xx_it.o
LOAD ./Core/Src/syscalls.o
LOAD ./Core/Src/sysmem.o
LOAD ./Core/Src/system_stm32f3xx.o
LOAD ./Core/Startup/startup_stm32f303retx.o
LOAD ./Drivers/STM32F3xx_HAL_Driver/Src/stm32f3xx_hal.o
LOAD ./Drivers/STM32F3xx_HAL_Driver/Src/stm32f3xx_hal_cortex.o
LOAD ./Drivers/STM32F3xx_HAL_Driver/Src/stm32f3xx_hal_dma.o
LOAD ./Drivers/STM32F3xx_HAL_Driver/Src/stm32f3xx_hal_exti.o
LOAD ./Drivers/STM32F3xx_HAL_Driver/Src/stm32f3xx_hal_flash.o
LOAD ./Drivers/STM32F3xx_HAL_Driver/Src/stm32f3xx_hal_flash_ex.o
LOAD ./Drivers/STM32F3xx_HAL_Driver/Src/stm32f3xx_hal_gpio.o
LOAD ./Drivers/STM32F3xx_HAL_Driver/Src/stm32f3xx_hal_i2c.o
LOAD ./Drivers/STM32F3xx_HAL_Driver/Src/stm32f3xx_hal_i2c_ex.o
LOAD ./Drivers/STM32F3xx_HAL_Driver/Src/stm32f3xx_hal_pwr.o
LOAD ./Drivers/STM32F3xx_HAL_Driver/Src/stm32f3xx_hal_pwr_ex.o
LOAD ./Drivers/STM32F3xx_HAL_Driver/Src/stm32f3xx_hal_rcc.o
LOAD ./Drivers/STM32F3xx_HAL_Driver/Src/stm32f3xx_hal_rcc_ex.o
START GROUP
LOAD C:/ST/STM32CubeIDE_1.19.0/STM32CubeIDE/plugins/com.st.stm32cube.ide.mcu.externaltools.gnu-tools-for-stm32.13.3.rel1.win32_1.0.0.202411081344/tools/bin/../lib/gcc/arm-none-eabi/13.3.1/../../../../arm-none-eabi/lib/thumb/v7e-m+fp/hard\libc_nano.a
LOAD C:/ST/STM32CubeIDE_1.19.0/STM32CubeIDE/plugins/com.st.stm32cube.ide.mcu.externaltools.gnu-tools-for-stm32.13.3.rel1.win32_1.0.0.202411081344/tools/bin/../lib/gcc/arm-none-eabi/13.3.1/../../../../arm-none-eabi/lib/thumb/v7e-m+fp/hard\libm.a
END GROUP
START GROUP
LOAD C:/ST/STM32CubeIDE_1.19.0/STM32CubeIDE/plugins/com.st.stm32cube.ide.mcu.externaltools.gnu-tools-for-stm32.13.3.rel1.win32_1.0.0.202411081344/tools/bin/../lib/gcc/arm-none-eabi/13.3.1/thumb/v7e-m+fp/hard\libgcc.a
LOAD C:/ST/STM32CubeIDE_1.19.0/STM32CubeIDE/plugins/com.st.stm32cube.ide.mcu.externaltools.gnu-tools-for-stm32.13.3.rel1.win32_1.0.0.202411081344/tools/bin/../lib/gcc/arm-none-eabi/13.3.1/../../../../arm-none-eabi/lib/thumb/v7e-m+fp/hard\libc_nano.a
END GROUP
START GROUP
LOAD C:/ST/STM32CubeIDE_1.19.0/STM32CubeIDE/plugins/com.st.stm32cube.ide.mcu.externaltools.gnu-tools-for-stm32.13.3.rel1.win32_1.0.0.202411081344/tools/bin/../lib/gcc/arm-none-eabi/13.3.1/thumb/v7e-m+fp/hard\libgcc.a
LOAD C:/ST/STM32CubeIDE_1.19.0/STM32CubeIDE/plugins/com.st.stm32cube.ide.mcu.externaltools.gnu-tools-for-stm32.13.3.rel1.win32_1.0.0.202411081344/tools/bin/../lib/gcc/arm-none-eabi/13.3.1/../../../../arm-none-eabi/lib/thumb/v7e-m+fp/hard\libc_nano.a
LOAD C:/ST/STM32CubeIDE_1.19.0/STM32CubeIDE/plugins/com.st.stm32cube.ide.mcu.externaltools.gnu-tools-for-stm32.13.3.rel1.win32_1.0.0.202411081344/tools/bin/../lib/gcc/arm-none-eabi/13.3.1/../../../../arm-none-eabi/lib/thumb/v7e-m+fp/hard\libnosys.a
END GROUP
START GROUP
LOAD C:/ST/STM32CubeIDE_1.19.0/STM32CubeIDE/plugins/com.st.stm32cube.ide.mcu.externaltools.gnu-tools-for-stm32.13.3.rel1.win32_1.0.0.202411081344/tools/bin/../lib/gcc/arm-none-eabi/13.3.1/thumb/v7e-m+fp/hard\libgcc.a
LOAD C:/ST/STM32CubeIDE_1.19.0/STM32CubeIDE/plugins/com.st.stm32cube.ide.mcu.externaltools.gnu-tools-for-stm32.13.3.rel1.win32_1.0.0.202411081344/tools/bin/../lib/gcc/arm-none-eabi/13.3.1/../../../../arm-none-eabi/lib/thumb/v7e-m+fp/hard\libc_nano.a
LOAD C:/ST/STM32CubeIDE_1.19.0/STM32CubeIDE/plugins/com.st.stm32cube.ide.mcu.externaltools.gnu-tools-for-stm32.13.3.rel1.win32_1.0.0.202411081344/tools/bin/../lib/gcc/arm-none-eabi/13.3.1/../../../../arm-none-eabi/lib/thumb/v7e-m+fp/hard\libnosys.a
END GROUP
LOAD C:/ST/STM32CubeIDE_1.19.0/STM32CubeIDE/plugins/com.st.stm32cube.ide.mcu.externaltools.gnu-tools-for-stm32.13.3.rel1.win32_1.0.0.202411081344/tools/bin/../lib/gcc/arm-none-eabi/13.3.1/thumb/v7e-m+fp/hard/crtend.o
LOAD C:/ST/STM32CubeIDE_1.19.0/STM32CubeIDE/plugins/com.st.stm32cube.ide.mcu.externaltools.gnu-tools-for-stm32.13.3.rel1.win32_1.0.0.202411081344/tools/bin/../lib/gcc/arm-none-eabi/13.3.1/thumb/v7e-m+fp/hard/crtn.o
                0x20010000                        _estack = (ORIGIN (RAM) + LENGTH (RAM))
                0x00000200                        _Min_Heap_Size = 0x200
                0x00000400                        _Min_Stack_Size = 0x400

.isr_vector     0x08000000      0x194
                0x08000000                        . = ALIGN (0x4)
 *(.isr_vector)
 .isr_vector    0x08000000      0x194 ./Core/Startup/startup_stm32f303retx.o
                0x08000000                g_pfnVectors
                0x08000194                        . = ALIGN (0x4)

.text           0x08000194     0x1390
                0x08000194                        . = ALIGN (0x4)
 *(.text)
 .text          0x08000194       0x40 C:/ST/STM32CubeIDE_1.19.0/STM32CubeIDE/plugins/com.st.stm32cube.ide.mcu.externaltools.gnu-tools-for-stm32.13.3.rel1.win32_1.0.0.202411081344/tools/bin/../lib/gcc/arm-none-eabi/13.3.1/thumb/v7e-m+fp/hard/crtbegin.o
 *(.text*)
 .text.str_len  0x080001d4       0x14 ./Core/Src/main.o
                0x080001d4                str_len
 .text.EVL_UART_Receive_DMA
                0x080001e8       0xa8 ./Core/Src/main.o
                0x080001e8                EVL_UART_Receive_DMA
 .text.EVL_UART_Transmit_DMA
                0x08000290       0xa8 ./Core/Src/main.o
                0x08000290                EVL_UART_Transmit_DMA
 .text.DMA1_Channel2_IRQHandler
                0x08000338       0x1c ./Core/Src/main.o
                0x08000338                DMA1_Channel2_IRQHandler
 .text.DMA1_Channel3_IRQHandler
                0x08000354       0x1c ./Core/Src/main.o
                0x08000354                DMA1_Channel3_IRQHandler
 .text.DMA1_Channel4_IRQHandler
                0x08000370       0x1c ./Core/Src/main.o
                0x08000370                DMA1_Channel4_IRQHandler
 .text.DMA1_Channel5_IRQHandler
                0x0800038c       0x1c ./Core/Src/main.o
                0x0800038c                DMA1_Channel5_IRQHandler
 .text.USART1_IRQHandler
                0x080003a8       0xd0 ./Core/Src/main.o
                0x080003a8                USART1_IRQHandler
 .text.USART3_IRQHandler
                0x08000478       0xe4 ./Core/Src/main.o
                0x08000478                USART3_IRQHandler
 .text.UART4_IRQHandler
                0x0800055c       0xe4 ./Core/Src/main.o
                0x0800055c                UART4_IRQHandler
 .text.UART5_IRQHandler
                0x08000640       0xe4 ./Core/Src/main.o
                0x08000640                UART5_IRQHandler
 .text.SystemClock_Config
                0x08000724       0x64 ./Core/Src/main.o
                0x08000724                SystemClock_Config
 .text.EVL_UART_GPIO_Init
                0x08000788      0x2b8 ./Core/Src/main.o
                0x08000788                EVL_UART_GPIO_Init
 .text.EVL_UART_Init
                0x08000a40       0x34 ./Core/Src/main.o
                0x08000a40                EVL_UART_Init
 .text.EVL_UART_Transmit
                0x08000a74       0x28 ./Core/Src/main.o
                0x08000a74                EVL_UART_Transmit
 .text.main     0x08000a9c       0xd8 ./Core/Src/main.o
                0x08000a9c                main
 .text.NMI_Handler
                0x08000b74        0x2 ./Core/Src/stm32f3xx_it.o
                0x08000b74                NMI_Handler
 .text.HardFault_Handler
                0x08000b76        0x2 ./Core/Src/stm32f3xx_it.o
                0x08000b76                HardFault_Handler
 .text.MemManage_Handler
                0x08000b78        0x2 ./Core/Src/stm32f3xx_it.o
                0x08000b78                MemManage_Handler
 .text.BusFault_Handler
                0x08000b7a        0x2 ./Core/Src/stm32f3xx_it.o
                0x08000b7a                BusFault_Handler
 .text.UsageFault_Handler
                0x08000b7c        0x2 ./Core/Src/stm32f3xx_it.o
                0x08000b7c                UsageFault_Handler
 .text.SVC_Handler
                0x08000b7e        0x2 ./Core/Src/stm32f3xx_it.o
                0x08000b7e                SVC_Handler
 .text.DebugMon_Handler
                0x08000b80        0x2 ./Core/Src/stm32f3xx_it.o
                0x08000b80                DebugMon_Handler
 .text.PendSV_Handler
                0x08000b82        0x2 ./Core/Src/stm32f3xx_it.o
                0x08000b82                PendSV_Handler
 .text.SysTick_Handler
                0x08000b84        0x8 ./Core/Src/stm32f3xx_it.o
                0x08000b84                SysTick_Handler
 .text.SystemInit
                0x08000b8c       0x14 ./Core/Src/system_stm32f3xx.o
                0x08000b8c                SystemInit
 .text.Reset_Handler
                0x08000ba0       0x50 ./Core/Startup/startup_stm32f303retx.o
                0x08000ba0                Reset_Handler
 .text.Default_Handler
                0x08000bf0        0x2 ./Core/Startup/startup_stm32f303retx.o
                0x08000bf0                RTC_Alarm_IRQHandler
                0x08000bf0                TIM8_TRG_COM_IRQHandler
                0x08000bf0                TIM8_CC_IRQHandler
                0x08000bf0                SPI4_IRQHandler
                0x08000bf0                TIM1_CC_IRQHandler
                0x08000bf0                USB_HP_IRQHandler
                0x08000bf0                PVD_IRQHandler
                0x08000bf0                TAMP_STAMP_IRQHandler
                0x08000bf0                EXTI3_IRQHandler
                0x08000bf0                I2C3_ER_IRQHandler
                0x08000bf0                USB_HP_CAN_TX_IRQHandler
                0x08000bf0                EXTI0_IRQHandler
                0x08000bf0                I2C2_EV_IRQHandler
                0x08000bf0                FPU_IRQHandler
                0x08000bf0                TIM1_UP_TIM16_IRQHandler
                0x08000bf0                ADC1_2_IRQHandler
                0x08000bf0                SPI1_IRQHandler
                0x08000bf0                CAN_SCE_IRQHandler
                0x08000bf0                TIM6_DAC_IRQHandler
                0x08000bf0                TIM8_UP_IRQHandler
                0x08000bf0                DMA2_Channel2_IRQHandler
                0x08000bf0                TIM20_TRG_COM_IRQHandler
                0x08000bf0                DMA1_Channel7_IRQHandler
                0x08000bf0                ADC3_IRQHandler
                0x08000bf0                TIM4_IRQHandler
                0x08000bf0                CAN_RX1_IRQHandler
                0x08000bf0                DMA2_Channel1_IRQHandler
                0x08000bf0                I2C1_EV_IRQHandler
                0x08000bf0                DMA1_Channel6_IRQHandler
                0x08000bf0                DMA2_Channel4_IRQHandler
                0x08000bf0                TIM3_IRQHandler
                0x08000bf0                RCC_IRQHandler
                0x08000bf0                TIM20_UP_IRQHandler
                0x08000bf0                DMA1_Channel1_IRQHandler
                0x08000bf0                Default_Handler
                0x08000bf0                USBWakeUp_RMP_IRQHandler
                0x08000bf0                EXTI15_10_IRQHandler
                0x08000bf0                TIM7_IRQHandler
                0x08000bf0                I2C3_EV_IRQHandler
                0x08000bf0                EXTI9_5_IRQHandler
                0x08000bf0                RTC_WKUP_IRQHandler
                0x08000bf0                SPI2_IRQHandler
                0x08000bf0                USB_LP_CAN_RX0_IRQHandler
                0x08000bf0                DMA2_Channel5_IRQHandler
                0x08000bf0                USB_LP_IRQHandler
                0x08000bf0                EXTI4_IRQHandler
                0x08000bf0                TIM1_TRG_COM_TIM17_IRQHandler
                0x08000bf0                ADC4_IRQHandler
                0x08000bf0                WWDG_IRQHandler
                0x08000bf0                TIM2_IRQHandler
                0x08000bf0                COMP7_IRQHandler
                0x08000bf0                COMP1_2_3_IRQHandler
                0x08000bf0                EXTI1_IRQHandler
                0x08000bf0                USART2_IRQHandler
                0x08000bf0                COMP4_5_6_IRQHandler
                0x08000bf0                TIM20_BRK_IRQHandler
                0x08000bf0                I2C2_ER_IRQHandler
                0x08000bf0                TIM8_BRK_IRQHandler
                0x08000bf0                FLASH_IRQHandler
                0x08000bf0                TIM20_CC_IRQHandler
                0x08000bf0                SPI3_IRQHandler
                0x08000bf0                I2C1_ER_IRQHandler
                0x08000bf0                FMC_IRQHandler
                0x08000bf0                USBWakeUp_IRQHandler
                0x08000bf0                DMA2_Channel3_IRQHandler
                0x08000bf0                EXTI2_TSC_IRQHandler
                0x08000bf0                TIM1_BRK_TIM15_IRQHandler
 *fill*         0x08000bf2        0x2 
 .text.HAL_InitTick
                0x08000bf4       0x4c ./Drivers/STM32F3xx_HAL_Driver/Src/stm32f3xx_hal.o
                0x08000bf4                HAL_InitTick
 .text.HAL_IncTick
                0x08000c40       0x18 ./Drivers/STM32F3xx_HAL_Driver/Src/stm32f3xx_hal.o
                0x08000c40                HAL_IncTick
 .text.HAL_GetTick
                0x08000c58        0xc ./Drivers/STM32F3xx_HAL_Driver/Src/stm32f3xx_hal.o
                0x08000c58                HAL_GetTick
 .text.HAL_NVIC_SetPriority
                0x08000c64       0x6c ./Drivers/STM32F3xx_HAL_Driver/Src/stm32f3xx_hal_cortex.o
                0x08000c64                HAL_NVIC_SetPriority
 .text.HAL_SYSTICK_Config
                0x08000cd0       0x28 ./Drivers/STM32F3xx_HAL_Driver/Src/stm32f3xx_hal_cortex.o
                0x08000cd0                HAL_SYSTICK_Config
 .text.HAL_RCC_OscConfig
                0x08000cf8      0x5e8 ./Drivers/STM32F3xx_HAL_Driver/Src/stm32f3xx_hal_rcc.o
                0x08000cf8                HAL_RCC_OscConfig
 .text.HAL_RCC_GetSysClockFreq
                0x080012e0       0x40 ./Drivers/STM32F3xx_HAL_Driver/Src/stm32f3xx_hal_rcc.o
                0x080012e0                HAL_RCC_GetSysClockFreq
 .text.HAL_RCC_ClockConfig
                0x08001320      0x194 ./Drivers/STM32F3xx_HAL_Driver/Src/stm32f3xx_hal_rcc.o
                0x08001320                HAL_RCC_ClockConfig
 .text.memset   0x080014b4       0x10 C:/ST/STM32CubeIDE_1.19.0/STM32CubeIDE/plugins/com.st.stm32cube.ide.mcu.externaltools.gnu-tools-for-stm32.13.3.rel1.win32_1.0.0.202411081344/tools/bin/../lib/gcc/arm-none-eabi/13.3.1/../../../../arm-none-eabi/lib/thumb/v7e-m+fp/hard\libc_nano.a(libc_a-memset.o)
                0x080014b4                memset
 .text.__libc_init_array
                0x080014c4       0x48 C:/ST/STM32CubeIDE_1.19.0/STM32CubeIDE/plugins/com.st.stm32cube.ide.mcu.externaltools.gnu-tools-for-stm32.13.3.rel1.win32_1.0.0.202411081344/tools/bin/../lib/gcc/arm-none-eabi/13.3.1/../../../../arm-none-eabi/lib/thumb/v7e-m+fp/hard\libc_nano.a(libc_a-init.o)
                0x080014c4                __libc_init_array
 *(.glue_7)
 .glue_7        0x0800150c        0x0 linker stubs
 *(.glue_7t)
 .glue_7t       0x0800150c        0x0 linker stubs
 *(.eh_frame)
 .eh_frame      0x0800150c        0x0 C:/ST/STM32CubeIDE_1.19.0/STM32CubeIDE/plugins/com.st.stm32cube.ide.mcu.externaltools.gnu-tools-for-stm32.13.3.rel1.win32_1.0.0.202411081344/tools/bin/../lib/gcc/arm-none-eabi/13.3.1/thumb/v7e-m+fp/hard/crtbegin.o
 *(.init)
 .init          0x0800150c        0x4 C:/ST/STM32CubeIDE_1.19.0/STM32CubeIDE/plugins/com.st.stm32cube.ide.mcu.externaltools.gnu-tools-for-stm32.13.3.rel1.win32_1.0.0.202411081344/tools/bin/../lib/gcc/arm-none-eabi/13.3.1/thumb/v7e-m+fp/hard/crti.o
                0x0800150c                _init
 .init          0x08001510        0x8 C:/ST/STM32CubeIDE_1.19.0/STM32CubeIDE/plugins/com.st.stm32cube.ide.mcu.externaltools.gnu-tools-for-stm32.13.3.rel1.win32_1.0.0.202411081344/tools/bin/../lib/gcc/arm-none-eabi/13.3.1/thumb/v7e-m+fp/hard/crtn.o
 *(.fini)
 .fini          0x08001518        0x4 C:/ST/STM32CubeIDE_1.19.0/STM32CubeIDE/plugins/com.st.stm32cube.ide.mcu.externaltools.gnu-tools-for-stm32.13.3.rel1.win32_1.0.0.202411081344/tools/bin/../lib/gcc/arm-none-eabi/13.3.1/thumb/v7e-m+fp/hard/crti.o
                0x08001518                _fini
 .fini          0x0800151c        0x8 C:/ST/STM32CubeIDE_1.19.0/STM32CubeIDE/plugins/com.st.stm32cube.ide.mcu.externaltools.gnu-tools-for-stm32.13.3.rel1.win32_1.0.0.202411081344/tools/bin/../lib/gcc/arm-none-eabi/13.3.1/thumb/v7e-m+fp/hard/crtn.o
                0x08001524                        . = ALIGN (0x4)
                0x08001524                        _etext = .

.vfp11_veneer   0x08001524        0x0
 .vfp11_veneer  0x08001524        0x0 linker stubs

.v4_bx          0x08001524        0x0
 .v4_bx         0x08001524        0x0 linker stubs

.iplt           0x08001524        0x0
 .iplt          0x08001524        0x0 C:/ST/STM32CubeIDE_1.19.0/STM32CubeIDE/plugins/com.st.stm32cube.ide.mcu.externaltools.gnu-tools-for-stm32.13.3.rel1.win32_1.0.0.202411081344/tools/bin/../lib/gcc/arm-none-eabi/13.3.1/thumb/v7e-m+fp/hard/crtbegin.o

.rodata         0x08001524       0x44
                0x08001524                        . = ALIGN (0x4)
 *(.rodata)
 *(.rodata*)
 .rodata.main.str1.4
                0x08001524       0x12 ./Core/Src/main.o
 *fill*         0x08001536        0x2 
 .rodata.AHBPrescTable
                0x08001538       0x10 ./Core/Src/system_stm32f3xx.o
                0x08001538                AHBPrescTable
 .rodata.aPredivFactorTable
                0x08001548       0x10 ./Drivers/STM32F3xx_HAL_Driver/Src/stm32f3xx_hal_rcc.o
 .rodata.aPLLMULFactorTable
                0x08001558       0x10 ./Drivers/STM32F3xx_HAL_Driver/Src/stm32f3xx_hal_rcc.o
                0x08001568                        . = ALIGN (0x4)

.ARM.extab      0x08001568        0x0
                0x08001568                        . = ALIGN (0x4)
 *(.ARM.extab* .gnu.linkonce.armextab.*)
                0x08001568                        . = ALIGN (0x4)

.ARM            0x08001568        0x0
                0x08001568                        . = ALIGN (0x4)
                0x08001568                        __exidx_start = .
 *(.ARM.exidx*)
                0x08001568                        __exidx_end = .
                0x08001568                        . = ALIGN (0x4)

.preinit_array  0x08001568        0x0
                0x08001568                        . = ALIGN (0x4)
                0x08001568                        PROVIDE (__preinit_array_start = .)
 *(.preinit_array*)
                0x08001568                        PROVIDE (__preinit_array_end = .)
                0x08001568                        . = ALIGN (0x4)

.init_array     0x08001568        0x4
                0x08001568                        . = ALIGN (0x4)
                0x08001568                        PROVIDE (__init_array_start = .)
 *(SORT_BY_NAME(.init_array.*))
 *(.init_array*)
 .init_array    0x08001568        0x4 C:/ST/STM32CubeIDE_1.19.0/STM32CubeIDE/plugins/com.st.stm32cube.ide.mcu.externaltools.gnu-tools-for-stm32.13.3.rel1.win32_1.0.0.202411081344/tools/bin/../lib/gcc/arm-none-eabi/13.3.1/thumb/v7e-m+fp/hard/crtbegin.o
                0x0800156c                        PROVIDE (__init_array_end = .)
                0x0800156c                        . = ALIGN (0x4)

.fini_array     0x0800156c        0x4
                0x0800156c                        . = ALIGN (0x4)
                [!provide]                        PROVIDE (__fini_array_start = .)
 *(SORT_BY_NAME(.fini_array.*))
 *(.fini_array*)
 .fini_array    0x0800156c        0x4 C:/ST/STM32CubeIDE_1.19.0/STM32CubeIDE/plugins/com.st.stm32cube.ide.mcu.externaltools.gnu-tools-for-stm32.13.3.rel1.win32_1.0.0.202411081344/tools/bin/../lib/gcc/arm-none-eabi/13.3.1/thumb/v7e-m+fp/hard/crtbegin.o
                [!provide]                        PROVIDE (__fini_array_end = .)
                0x08001570                        . = ALIGN (0x4)
                0x08001570                        _sidata = LOADADDR (.data)

.rel.dyn        0x08001570        0x0
 .rel.iplt      0x08001570        0x0 C:/ST/STM32CubeIDE_1.19.0/STM32CubeIDE/plugins/com.st.stm32cube.ide.mcu.externaltools.gnu-tools-for-stm32.13.3.rel1.win32_1.0.0.202411081344/tools/bin/../lib/gcc/arm-none-eabi/13.3.1/thumb/v7e-m+fp/hard/crtbegin.o

.data           0x20000000       0x3c load address 0x08001570
                0x20000000                        . = ALIGN (0x4)
                0x20000000                        _sdata = .
 *(.data)
 *(.data*)
 .data.dma_u3   0x20000000       0x17 ./Core/Src/main.o
                0x20000000                dma_u3
 *fill*         0x20000017        0x1 
 .data.dma_u1   0x20000018       0x17 ./Core/Src/main.o
                0x20000018                dma_u1
 *fill*         0x2000002f        0x1 
 .data.SystemCoreClock
                0x20000030        0x4 ./Core/Src/system_stm32f3xx.o
                0x20000030                SystemCoreClock
 .data.uwTickFreq
                0x20000034        0x1 ./Drivers/STM32F3xx_HAL_Driver/Src/stm32f3xx_hal.o
                0x20000034                uwTickFreq
 *fill*         0x20000035        0x3 
 .data.uwTickPrio
                0x20000038        0x4 ./Drivers/STM32F3xx_HAL_Driver/Src/stm32f3xx_hal.o
                0x20000038                uwTickPrio
 *(.RamFunc)
 *(.RamFunc*)
                0x2000003c                        . = ALIGN (0x4)
                0x2000003c                        _edata = .
                0x080015ac                        _siccmram = LOADADDR (.ccmram)

.igot.plt       0x2000003c        0x0 load address 0x080015ac
 .igot.plt      0x2000003c        0x0 C:/ST/STM32CubeIDE_1.19.0/STM32CubeIDE/plugins/com.st.stm32cube.ide.mcu.externaltools.gnu-tools-for-stm32.13.3.rel1.win32_1.0.0.202411081344/tools/bin/../lib/gcc/arm-none-eabi/13.3.1/thumb/v7e-m+fp/hard/crtbegin.o

.ccmram         0x10000000        0x0 load address 0x080015ac
                0x10000000                        . = ALIGN (0x4)
                0x10000000                        _sccmram = .
 *(.ccmram)
 *(.ccmram*)
                0x10000000                        . = ALIGN (0x4)
                0x10000000                        _eccmram = .
                0x10000000                        . = ALIGN (0x4)

.bss            0x2000003c      0x17c
                0x2000003c                        _sbss = .
                0x2000003c                        __bss_start__ = _sbss
 *(.bss)
 .bss           0x2000003c       0x1c C:/ST/STM32CubeIDE_1.19.0/STM32CubeIDE/plugins/com.st.stm32cube.ide.mcu.externaltools.gnu-tools-for-stm32.13.3.rel1.win32_1.0.0.202411081344/tools/bin/../lib/gcc/arm-none-eabi/13.3.1/thumb/v7e-m+fp/hard/crtbegin.o
 *(.bss*)
 .bss.u5_tx_len
                0x20000058        0x2 ./Core/Src/main.o
                0x20000058                u5_tx_len
 .bss.u5tx_iter
                0x2000005a        0x2 ./Core/Src/main.o
                0x2000005a                u5tx_iter
 .bss.u5rx_iter
                0x2000005c        0x2 ./Core/Src/main.o
                0x2000005c                u5rx_iter
 *fill*         0x2000005e        0x2 
 .bss.u5Tx_Buff
                0x20000060        0x4 ./Core/Src/main.o
                0x20000060                u5Tx_Buff
 .bss.u5Rx_Buff
                0x20000064       0x32 ./Core/Src/main.o
                0x20000064                u5Rx_Buff
 .bss.u4_tx_len
                0x20000096        0x2 ./Core/Src/main.o
                0x20000096                u4_tx_len
 .bss.u4tx_iter
                0x20000098        0x2 ./Core/Src/main.o
                0x20000098                u4tx_iter
 .bss.u4rx_iter
                0x2000009a        0x2 ./Core/Src/main.o
                0x2000009a                u4rx_iter
 .bss.u4Tx_Buff
                0x2000009c        0x4 ./Core/Src/main.o
                0x2000009c                u4Tx_Buff
 .bss.u4Rx_Buff
                0x200000a0       0x32 ./Core/Src/main.o
                0x200000a0                u4Rx_Buff
 .bss.u3_tx_len
                0x200000d2        0x2 ./Core/Src/main.o
                0x200000d2                u3_tx_len
 .bss.u3tx_iter
                0x200000d4        0x2 ./Core/Src/main.o
                0x200000d4                u3tx_iter
 .bss.u3rx_iter
                0x200000d6        0x2 ./Core/Src/main.o
                0x200000d6                u3rx_iter
 .bss.u3Tx_Buff
                0x200000d8        0x4 ./Core/Src/main.o
                0x200000d8                u3Tx_Buff
 .bss.u3Rx_Buff
                0x200000dc       0x32 ./Core/Src/main.o
                0x200000dc                u3Rx_Buff
 .bss.u1_tx_len
                0x2000010e        0x2 ./Core/Src/main.o
                0x2000010e                u1_tx_len
 .bss.u1tx_iter
                0x20000110        0x2 ./Core/Src/main.o
                0x20000110                u1tx_iter
 .bss.u1rx_iter
                0x20000112        0x2 ./Core/Src/main.o
                0x20000112                u1rx_iter
 .bss.u1Tx_Buff
                0x20000114        0x4 ./Core/Src/main.o
                0x20000114                u1Tx_Buff
 .bss.u1Rx_Buff
                0x20000118       0x32 ./Core/Src/main.o
                0x20000118                u1Rx_Buff
 *fill*         0x2000014a        0x2 
 .bss.u3Rx_dma_buff
                0x2000014c       0x32 ./Core/Src/main.o
                0x2000014c                u3Rx_dma_buff
 *fill*         0x2000017e        0x2 
 .bss.u1Rx_dma_buff
                0x20000180       0x32 ./Core/Src/main.o
                0x20000180                u1Rx_dma_buff
 *fill*         0x200001b2        0x2 
 .bss.uwTick    0x200001b4        0x4 ./Drivers/STM32F3xx_HAL_Driver/Src/stm32f3xx_hal.o
                0x200001b4                uwTick
 *(COMMON)
                0x200001b8                        . = ALIGN (0x4)
                0x200001b8                        _ebss = .
                0x200001b8                        __bss_end__ = _ebss

._user_heap_stack
                0x200001b8      0x600
                0x200001b8                        . = ALIGN (0x8)
                [!provide]                        PROVIDE (end = .)
                0x200001b8                        PROVIDE (_end = .)
                0x200003b8                        . = (. + _Min_Heap_Size)
 *fill*         0x200001b8      0x200 
                0x200007b8                        . = (. + _Min_Stack_Size)
 *fill*         0x200003b8      0x400 
                0x200007b8                        . = ALIGN (0x8)

/DISCARD/
 libc.a(*)
 libm.a(*)
 libgcc.a(*)

.ARM.attributes
                0x00000000       0x30
 *(.ARM.attributes)
 .ARM.attributes
                0x00000000       0x22 C:/ST/STM32CubeIDE_1.19.0/STM32CubeIDE/plugins/com.st.stm32cube.ide.mcu.externaltools.gnu-tools-for-stm32.13.3.rel1.win32_1.0.0.202411081344/tools/bin/../lib/gcc/arm-none-eabi/13.3.1/thumb/v7e-m+fp/hard/crti.o
 .ARM.attributes
                0x00000022       0x34 C:/ST/STM32CubeIDE_1.19.0/STM32CubeIDE/plugins/com.st.stm32cube.ide.mcu.externaltools.gnu-tools-for-stm32.13.3.rel1.win32_1.0.0.202411081344/tools/bin/../lib/gcc/arm-none-eabi/13.3.1/thumb/v7e-m+fp/hard/crtbegin.o
 .ARM.attributes
                0x00000056       0x34 ./Core/Src/main.o
 .ARM.attributes
                0x0000008a       0x34 ./Core/Src/stm32f3xx_it.o
 .ARM.attributes
                0x000000be       0x34 ./Core/Src/system_stm32f3xx.o
 .ARM.attributes
                0x000000f2       0x21 ./Core/Startup/startup_stm32f303retx.o
 .ARM.attributes
                0x00000113       0x34 ./Drivers/STM32F3xx_HAL_Driver/Src/stm32f3xx_hal.o
 .ARM.attributes
                0x00000147       0x34 ./Drivers/STM32F3xx_HAL_Driver/Src/stm32f3xx_hal_cortex.o
 .ARM.attributes
                0x0000017b       0x34 ./Drivers/STM32F3xx_HAL_Driver/Src/stm32f3xx_hal_rcc.o
 .ARM.attributes
                0x000001af       0x34 C:/ST/STM32CubeIDE_1.19.0/STM32CubeIDE/plugins/com.st.stm32cube.ide.mcu.externaltools.gnu-tools-for-stm32.13.3.rel1.win32_1.0.0.202411081344/tools/bin/../lib/gcc/arm-none-eabi/13.3.1/../../../../arm-none-eabi/lib/thumb/v7e-m+fp/hard\libc_nano.a(libc_a-memset.o)
 .ARM.attributes
                0x000001e3       0x34 C:/ST/STM32CubeIDE_1.19.0/STM32CubeIDE/plugins/com.st.stm32cube.ide.mcu.externaltools.gnu-tools-for-stm32.13.3.rel1.win32_1.0.0.202411081344/tools/bin/../lib/gcc/arm-none-eabi/13.3.1/../../../../arm-none-eabi/lib/thumb/v7e-m+fp/hard\libc_nano.a(libc_a-init.o)
 .ARM.attributes
                0x00000217       0x22 C:/ST/STM32CubeIDE_1.19.0/STM32CubeIDE/plugins/com.st.stm32cube.ide.mcu.externaltools.gnu-tools-for-stm32.13.3.rel1.win32_1.0.0.202411081344/tools/bin/../lib/gcc/arm-none-eabi/13.3.1/thumb/v7e-m+fp/hard/crtn.o
OUTPUT(UART_DRIVER_DEV.elf elf32-littlearm)
LOAD linker stubs
LOAD C:/ST/STM32CubeIDE_1.19.0/STM32CubeIDE/plugins/com.st.stm32cube.ide.mcu.externaltools.gnu-tools-for-stm32.13.3.rel1.win32_1.0.0.202411081344/tools/bin/../lib/gcc/arm-none-eabi/13.3.1/../../../../arm-none-eabi/lib/thumb/v7e-m+fp/hard\libc.a
LOAD C:/ST/STM32CubeIDE_1.19.0/STM32CubeIDE/plugins/com.st.stm32cube.ide.mcu.externaltools.gnu-tools-for-stm32.13.3.rel1.win32_1.0.0.202411081344/tools/bin/../lib/gcc/arm-none-eabi/13.3.1/../../../../arm-none-eabi/lib/thumb/v7e-m+fp/hard\libm.a
LOAD C:/ST/STM32CubeIDE_1.19.0/STM32CubeIDE/plugins/com.st.stm32cube.ide.mcu.externaltools.gnu-tools-for-stm32.13.3.rel1.win32_1.0.0.202411081344/tools/bin/../lib/gcc/arm-none-eabi/13.3.1/thumb/v7e-m+fp/hard\libgcc.a

.debug_info     0x00000000     0x478d
 .debug_info    0x00000000     0x1533 ./Core/Src/main.o
 .debug_info    0x00001533      0x121 ./Core/Src/stm32f3xx_it.o
 .debug_info    0x00001654      0x41b ./Core/Src/system_stm32f3xx.o
 .debug_info    0x00001a6f       0x30 ./Core/Startup/startup_stm32f303retx.o
 .debug_info    0x00001a9f      0x8a6 ./Drivers/STM32F3xx_HAL_Driver/Src/stm32f3xx_hal.o
 .debug_info    0x00002345      0xf4b ./Drivers/STM32F3xx_HAL_Driver/Src/stm32f3xx_hal_cortex.o
 .debug_info    0x00003290     0x14fd ./Drivers/STM32F3xx_HAL_Driver/Src/stm32f3xx_hal_rcc.o

.debug_abbrev   0x00000000      0xefd
 .debug_abbrev  0x00000000      0x430 ./Core/Src/main.o
 .debug_abbrev  0x00000430       0x7e ./Core/Src/stm32f3xx_it.o
 .debug_abbrev  0x000004ae      0x120 ./Core/Src/system_stm32f3xx.o
 .debug_abbrev  0x000005ce       0x24 ./Core/Startup/startup_stm32f303retx.o
 .debug_abbrev  0x000005f2      0x243 ./Drivers/STM32F3xx_HAL_Driver/Src/stm32f3xx_hal.o
 .debug_abbrev  0x00000835      0x367 ./Drivers/STM32F3xx_HAL_Driver/Src/stm32f3xx_hal_cortex.o
 .debug_abbrev  0x00000b9c      0x361 ./Drivers/STM32F3xx_HAL_Driver/Src/stm32f3xx_hal_rcc.o

.debug_loclists
                0x00000000     0x12cf
 .debug_loclists
                0x00000000      0x400 ./Core/Src/main.o
 .debug_loclists
                0x00000400       0xb5 ./Core/Src/system_stm32f3xx.o
 .debug_loclists
                0x000004b5       0xe1 ./Drivers/STM32F3xx_HAL_Driver/Src/stm32f3xx_hal.o
 .debug_loclists
                0x00000596      0x544 ./Drivers/STM32F3xx_HAL_Driver/Src/stm32f3xx_hal_cortex.o
 .debug_loclists
                0x00000ada      0x7f5 ./Drivers/STM32F3xx_HAL_Driver/Src/stm32f3xx_hal_rcc.o

.debug_aranges  0x00000000      0x380
 .debug_aranges
                0x00000000       0xb0 ./Core/Src/main.o
 .debug_aranges
                0x000000b0       0x60 ./Core/Src/stm32f3xx_it.o
 .debug_aranges
                0x00000110       0x28 ./Core/Src/system_stm32f3xx.o
 .debug_aranges
                0x00000138       0x28 ./Core/Startup/startup_stm32f303retx.o
 .debug_aranges
                0x00000160       0xe0 ./Drivers/STM32F3xx_HAL_Driver/Src/stm32f3xx_hal.o
 .debug_aranges
                0x00000240       0xb8 ./Drivers/STM32F3xx_HAL_Driver/Src/stm32f3xx_hal_cortex.o
 .debug_aranges
                0x000002f8       0x88 ./Drivers/STM32F3xx_HAL_Driver/Src/stm32f3xx_hal_rcc.o

.debug_rnglists
                0x00000000      0x334
 .debug_rnglists
                0x00000000       0x88 ./Core/Src/main.o
 .debug_rnglists
                0x00000088       0x43 ./Core/Src/stm32f3xx_it.o
 .debug_rnglists
                0x000000cb       0x19 ./Core/Src/system_stm32f3xx.o
 .debug_rnglists
                0x000000e4       0x19 ./Core/Startup/startup_stm32f303retx.o
 .debug_rnglists
                0x000000fd       0xa3 ./Drivers/STM32F3xx_HAL_Driver/Src/stm32f3xx_hal.o
 .debug_rnglists
                0x000001a0       0x9d ./Drivers/STM32F3xx_HAL_Driver/Src/stm32f3xx_hal_cortex.o
 .debug_rnglists
                0x0000023d       0xf7 ./Drivers/STM32F3xx_HAL_Driver/Src/stm32f3xx_hal_rcc.o

.debug_macro    0x00000000    0x1df58
 .debug_macro   0x00000000      0x1c5 ./Core/Src/main.o
 .debug_macro   0x000001c5      0xad8 ./Core/Src/main.o
 .debug_macro   0x00000c9d      0x152 ./Core/Src/main.o
 .debug_macro   0x00000def       0x2e ./Core/Src/main.o
 .debug_macro   0x00000e1d       0x28 ./Core/Src/main.o
 .debug_macro   0x00000e45       0x22 ./Core/Src/main.o
 .debug_macro   0x00000e67       0x8e ./Core/Src/main.o
 .debug_macro   0x00000ef5       0x51 ./Core/Src/main.o
 .debug_macro   0x00000f46      0x103 ./Core/Src/main.o
 .debug_macro   0x00001049       0x6a ./Core/Src/main.o
 .debug_macro   0x000010b3      0x1df ./Core/Src/main.o
 .debug_macro   0x00001292       0x1c ./Core/Src/main.o
 .debug_macro   0x000012ae       0x22 ./Core/Src/main.o
 .debug_macro   0x000012d0       0xd9 ./Core/Src/main.o
 .debug_macro   0x000013a9     0x102d ./Core/Src/main.o
 .debug_macro   0x000023d6      0x11f ./Core/Src/main.o
 .debug_macro   0x000024f5    0x1535a ./Core/Src/main.o
 .debug_macro   0x0001784f       0x6d ./Core/Src/main.o
 .debug_macro   0x000178bc     0x3574 ./Core/Src/main.o
 .debug_macro   0x0001ae30      0x190 ./Core/Src/main.o
 .debug_macro   0x0001afc0       0x55 ./Core/Src/main.o
 .debug_macro   0x0001b015      0x953 ./Core/Src/main.o
 .debug_macro   0x0001b968      0x84a ./Core/Src/main.o
 .debug_macro   0x0001c1b2      0x1b5 ./Core/Src/main.o
 .debug_macro   0x0001c367      0x23a ./Core/Src/main.o
 .debug_macro   0x0001c5a1      0x1ea ./Core/Src/main.o
 .debug_macro   0x0001c78b      0x1bc ./Core/Src/main.o
 .debug_macro   0x0001c947       0x30 ./Core/Src/main.o
 .debug_macro   0x0001c977       0x3c ./Core/Src/main.o
 .debug_macro   0x0001c9b3      0x235 ./Core/Src/main.o
 .debug_macro   0x0001cbe8       0xc5 ./Core/Src/main.o
 .debug_macro   0x0001ccad      0x21d ./Core/Src/main.o
 .debug_macro   0x0001ceca      0x22c ./Core/Src/main.o
 .debug_macro   0x0001d0f6       0x5b ./Core/Src/main.o
 .debug_macro   0x0001d151       0xa5 ./Core/Src/main.o
 .debug_macro   0x0001d1f6       0x81 ./Core/Src/main.o
 .debug_macro   0x0001d277       0xd3 ./Core/Src/main.o
 .debug_macro   0x0001d34a      0x347 ./Core/Src/main.o
 .debug_macro   0x0001d691      0x1c3 ./Core/Src/stm32f3xx_it.o
 .debug_macro   0x0001d854      0x1af ./Core/Src/system_stm32f3xx.o
 .debug_macro   0x0001da03      0x1d3 ./Drivers/STM32F3xx_HAL_Driver/Src/stm32f3xx_hal.o
 .debug_macro   0x0001dbd6      0x1af ./Drivers/STM32F3xx_HAL_Driver/Src/stm32f3xx_hal_cortex.o
 .debug_macro   0x0001dd85      0x1d3 ./Drivers/STM32F3xx_HAL_Driver/Src/stm32f3xx_hal_rcc.o

.debug_line     0x00000000     0x53de
 .debug_line    0x00000000     0x1440 ./Core/Src/main.o
 .debug_line    0x00001440      0x7d3 ./Core/Src/stm32f3xx_it.o
 .debug_line    0x00001c13      0x783 ./Core/Src/system_stm32f3xx.o
 .debug_line    0x00002396       0x7a ./Core/Startup/startup_stm32f303retx.o
 .debug_line    0x00002410      0xa33 ./Drivers/STM32F3xx_HAL_Driver/Src/stm32f3xx_hal.o
 .debug_line    0x00002e43      0xcae ./Drivers/STM32F3xx_HAL_Driver/Src/stm32f3xx_hal_cortex.o
 .debug_line    0x00003af1     0x18ed ./Drivers/STM32F3xx_HAL_Driver/Src/stm32f3xx_hal_rcc.o

.debug_str      0x00000000    0xb71ba
 .debug_str     0x00000000    0xb71ba ./Core/Src/main.o
                              0xb6e19 (size before relaxing)
 .debug_str     0x000b71ba    0xb635e ./Core/Src/stm32f3xx_it.o
 .debug_str     0x000b71ba    0xb63ed ./Core/Src/system_stm32f3xx.o
 .debug_str     0x000b71ba       0x87 ./Core/Startup/startup_stm32f303retx.o
 .debug_str     0x000b71ba    0xb6c96 ./Drivers/STM32F3xx_HAL_Driver/Src/stm32f3xx_hal.o
 .debug_str     0x000b71ba    0xb6d1a ./Drivers/STM32F3xx_HAL_Driver/Src/stm32f3xx_hal_cortex.o
 .debug_str     0x000b71ba    0xb6891 ./Drivers/STM32F3xx_HAL_Driver/Src/stm32f3xx_hal_rcc.o

.comment        0x00000000       0x43
 .comment       0x00000000       0x43 ./Core/Src/main.o
                                 0x44 (size before relaxing)
 .comment       0x00000043       0x44 ./Core/Src/stm32f3xx_it.o
 .comment       0x00000043       0x44 ./Core/Src/system_stm32f3xx.o
 .comment       0x00000043       0x44 ./Drivers/STM32F3xx_HAL_Driver/Src/stm32f3xx_hal.o
 .comment       0x00000043       0x44 ./Drivers/STM32F3xx_HAL_Driver/Src/stm32f3xx_hal_cortex.o
 .comment       0x00000043       0x44 ./Drivers/STM32F3xx_HAL_Driver/Src/stm32f3xx_hal_rcc.o

.debug_frame    0x00000000      0x744
 .debug_frame   0x00000000      0x174 ./Core/Src/main.o
 .debug_frame   0x00000174       0xa8 ./Core/Src/stm32f3xx_it.o
 .debug_frame   0x0000021c       0x30 ./Core/Src/system_stm32f3xx.o
 .debug_frame   0x0000024c      0x1cc ./Drivers/STM32F3xx_HAL_Driver/Src/stm32f3xx_hal.o
 .debug_frame   0x00000418      0x168 ./Drivers/STM32F3xx_HAL_Driver/Src/stm32f3xx_hal_cortex.o
 .debug_frame   0x00000580      0x178 ./Drivers/STM32F3xx_HAL_Driver/Src/stm32f3xx_hal_rcc.o
 .debug_frame   0x000006f8       0x20 C:/ST/STM32CubeIDE_1.19.0/STM32CubeIDE/plugins/com.st.stm32cube.ide.mcu.externaltools.gnu-tools-for-stm32.13.3.rel1.win32_1.0.0.202411081344/tools/bin/../lib/gcc/arm-none-eabi/13.3.1/../../../../arm-none-eabi/lib/thumb/v7e-m+fp/hard\libc_nano.a(libc_a-memset.o)
 .debug_frame   0x00000718       0x2c C:/ST/STM32CubeIDE_1.19.0/STM32CubeIDE/plugins/com.st.stm32cube.ide.mcu.externaltools.gnu-tools-for-stm32.13.3.rel1.win32_1.0.0.202411081344/tools/bin/../lib/gcc/arm-none-eabi/13.3.1/../../../../arm-none-eabi/lib/thumb/v7e-m+fp/hard\libc_nano.a(libc_a-init.o)

.debug_line_str
                0x00000000       0x6b
 .debug_line_str
                0x00000000       0x6b ./Core/Startup/startup_stm32f303retx.o
