../Core/Src/main.c:108:5:str_len	0	static
../Core/Src/main.c:119:6:EVL_UART_Receive_DMA	0	static
../Core/Src/main.c:160:6:EVL_UART_Transmit_DMA	8	static
../Core/Src/main.c:202:6:DMA1_Channel2_IRQHandler	0	static
../Core/Src/main.c:210:6:DMA1_Channel3_IRQHandler	0	static
../Core/Src/main.c:218:6:DMA1_Channel4_IRQHandler	0	static
../Core/Src/main.c:226:6:DMA1_Channel5_IRQHandler	0	static
../Core/Src/main.c:234:6:USART1_IRQHandler	0	static
../Core/Src/main.c:276:6:USART3_IRQHandler	0	static
../Core/Src/main.c:317:6:UART4_IRQHandler	0	static
../Core/Src/main.c:358:6:UART5_IRQHandler	0	static
../Core/Src/main.c:399:6:EVL_UART_Receive_IT	0	static
../Core/Src/main.c:416:6:EVL_UART_Transmit_IT	0	static
../Core/Src/main.c:505:6:SystemClock_Config	72	static,ignoring_inline_asm
../Core/Src/main.c:560:6:EVL_UART_GPIO_Init	20	static
../Core/Src/main.c:670:6:EVL_UART_Init	0	static
../Core/Src/main.c:717:6:EVL_UART_Transmit	0	static
../Core/Src/main.c:438:5:main	24	static
../Core/Src/main.c:755:6:Error_Handler	0	static,ignoring_inline_asm
